[demo.etssoft.net/digital/en/index.html]
[backblue.gif]
[fade.gif]
[index.html]
[demo.etssoft.net/digital/themes/digitalstore/css/owl/owl.carousel.css]
[demo.etssoft.net/digital/themes/digitalstore/css/autoload/highdpi.css]
[demo.etssoft.net/digital/themes/digitalstore/css/autoload/responsive-tables.css]
[demo.etssoft.net/digital/themes/digitalstore/css/global.css]
[demo.etssoft.net/digital/themes/digitalstore/css/autoload/uniform.default.css]
[demo.etssoft.net/digital/js/jquery/plugins/fancybox/jquery.fancybox.css]
[demo.etssoft.net/digital/themes/digitalstore/css/product_list.css]
[demo.etssoft.net/digital/themes/digitalstore/css/modules/blockbestsellers/blockbestsellers.css]
[demo.etssoft.net/digital/themes/digitalstore/css/modules/blockcart/blockcart.css]
[demo.etssoft.net/digital/js/jquery/plugins/bxslider/jquery.bxslider.css]
[demo.etssoft.net/digital/themes/digitalstore/css/modules/blockcategories/blockcategories.css]
[demo.etssoft.net/digital/themes/digitalstore/css/modules/blockcurrencies/blockcurrencies.css]
[demo.etssoft.net/digital/themes/digitalstore/css/modules/blocklanguages/blocklanguages.css]
[demo.etssoft.net/digital/themes/digitalstore/css/modules/blockcontact/blockcontact.css]
[demo.etssoft.net/digital/themes/digitalstore/css/modules/blockmyaccountfooter/blockmyaccount.css]
[demo.etssoft.net/digital/themes/digitalstore/css/modules/blocknewproducts/blocknewproducts.css]
[demo.etssoft.net/digital/themes/digitalstore/css/modules/blocknewsletter/blocknewsletter.css]
[demo.etssoft.net/digital/themes/digitalstore/css/modules/blockspecials/blockspecials.css]
[demo.etssoft.net/digital/themes/digitalstore/css/modules/blocktags/blocktags.css]
[demo.etssoft.net/digital/themes/digitalstore/css/modules/blockuserinfo/blockuserinfo.css]
[demo.etssoft.net/digital/themes/digitalstore/css/modules/blockviewed/blockviewed.css]
[demo.etssoft.net/digital/themes/digitalstore/css/modules/homefeatured/homefeatured.css]
[demo.etssoft.net/digital/modules/ybc_blog/css/prettyPhoto.css]
[demo.etssoft.net/digital/themes/digitalstore/css/modules/ybc_blog/css/blog.css]
[demo.etssoft.net/digital/modules/ybc_blog/css/owl.carousel.css]
[demo.etssoft.net/digital/modules/ybc_blog/css/owl.theme.css]
[demo.etssoft.net/digital/themes/digitalstore/css/modules/ybc_blocksearch/blocksearch.css]
[demo.etssoft.net/digital/themes/digitalstore/css/modules/ybc_manufacturer/css/ybcmnf.css]
[demo.etssoft.net/digital/themes/digitalstore/css/modules/ybc_megamenu/css/ybc_megamenu.css]
[demo.etssoft.net/digital/modules/ybc_nivoslider/css/nivo/themes/default/default.css]
[demo.etssoft.net/digital/themes/digitalstore/css/modules/ybc_nivoslider/css/nivo/nivo-slider.css]
[demo.etssoft.net/digital/modules/ybc_nivoslider/css/animate.css]
[demo.etssoft.net/digital/themes/digitalstore/css/modules/blockwishlist/blockwishlist.css]
[demo.etssoft.net/digital/themes/digitalstore/css/modules/productcomments/productcomments.css]
[demo.etssoft.net/digital/modules/ybc_productimagehover/css/productimagehover.css]
[demo.etssoft.net/digital/themes/digitalstore/css/modules/ybc_widget/css/widget.css]
[demo.etssoft.net/digital/modules/ybc_newsletter/css/newsletter.css]
[demo.etssoft.net/digital/modules/ybc_themeconfig/css/font-awesome.css]
[demo.etssoft.net/digital/modules/ybc_themeconfig/css/owl/owl.carousel.css]
[demo.etssoft.net/digital/modules/ybc_themeconfig/css/owl/owl.theme.css]
[demo.etssoft.net/digital/modules/ybc_themeconfig/css/elegant-font.css]
[demo.etssoft.net/digital/modules/ybc_themeconfig/css/owl/owl.transitions.css]
[demo.etssoft.net/digital/themes/digitalstore/css/modules/ybc_themeconfig/css/themeconfig.css]
[demo.etssoft.net/digital/en/login9f97.html]
[demo.etssoft.net/digital/en/search.html]
[demo.etssoft.net/digital/js/jquery/jquery-migrate-1.2.1.min.js]
[demo.etssoft.net/digital/js/jquery/plugins/jquery.easing.js]
[demo.etssoft.net/digital/js/tools.js]
[demo.etssoft.net/digital/themes/digitalstore/js/global.js]
[demo.etssoft.net/digital/themes/digitalstore/js/autoload/15-jquery.total-storage.min.js]
[demo.etssoft.net/digital/themes/digitalstore/js/autoload/10-bootstrap.min.js]
[demo.etssoft.net/digital/js/jquery/jquery-1.11.0.min.js]
[demo.etssoft.net/digital/themes/digitalstore/js/autoload/15-jquery.uniform-modified.js]
[demo.etssoft.net/digital/js/jquery/plugins/fancybox/jquery.fancybox.js]
[demo.etssoft.net/digital/themes/digitalstore/js/products-comparison.js]
[demo.etssoft.net/digital/themes/digitalstore/js/modules/blockcart/ajax-cart.js]
[demo.etssoft.net/digital/js/jquery/plugins/jquery.scrollTo.js]
[demo.etssoft.net/digital/js/jquery/plugins/jquery.serialScroll.js]
[demo.etssoft.net/digital/js/jquery/plugins/bxslider/jquery.bxslider.js]
[demo.etssoft.net/digital/themes/digitalstore/js/tools/treeManagement.js]
[demo.etssoft.net/digital/themes/digitalstore/js/modules/blocknewsletter/blocknewsletter.js]
[demo.etssoft.net/digital/themes/digitalstore/js/modules/ybc_blog/blog.js]
[demo.etssoft.net/digital/modules/ybc_blog/js/owl.carousel.js]
[demo.etssoft.net/digital/modules/ybc_blocksearch/blocksearch.js]
[demo.etssoft.net/digital/modules/ybc_blog/js/jquery.prettyPhoto.js]
[demo.etssoft.net/digital/themes/digitalstore/js/modules/ybc_blocksearch/autocomplete.js]
[demo.etssoft.net/digital/modules/ybc_manufacturer/js/ybcmnf.js]
[demo.etssoft.net/digital/modules/ybc_megamenu/js/ybc_megamenu.js]
[demo.etssoft.net/digital/modules/ybc_nivoslider/js/jquery.nivo.slider.js]
[demo.etssoft.net/digital/modules/ybc_nivoslider/js/ybcnivoslider.js]
[demo.etssoft.net/digital/themes/digitalstore/js/modules/blockwishlist/js/ajax-wishlist.js]
[demo.etssoft.net/digital/modules/ybc_newsletter/js/newsletter.js]
[demo.etssoft.net/digital/modules/ybc_themeconfig/js/wow.min.js]
[demo.etssoft.net/digital/modules/ybc_themeconfig/js/ybctab.js]
[demo.etssoft.net/digital/modules/ybc_themeconfig/js/owl.carousel.js]
[demo.etssoft.net/digital/modules/ybc_themeconfig/js/ybc_themeconfig_frontend.js]
[demo.etssoft.net/digital/themes/digitalstore/js/index.js]
[demo.etssoft.net/digital/modules/ybc_specificprices/js/jquery.countdown.min.js]
[demo.etssoft.net/digital/modules/ybc_specificprices/js/specific_prices.js]
[demo.etssoft.net/digital/themes/digitalstore/css/layout_1.css]
[demo.etssoft.net/digital/en/blog.html]
[demo.etssoft.net/digital/en/contact-usdb53.html]
[demo.etssoft.net/digital/en/contact-us2740.html]
[demo.etssoft.net/digital/en/contact-us34ed.html]
[demo.etssoft.net/digital/en/loginfd9a.html]
[demo.etssoft.net/digital/modules/ybc_themeconfig/images/logo/blue.png]
[demo.etssoft.net/digital/en/products-comparison.html]
[demo.etssoft.net/digital/modules/ybc_megamenu/images/column/television.jpg]
[demo.etssoft.net/digital/en/3-television.html]
[demo.etssoft.net/digital/modules/ybc_megamenu/images/menu/i-laptop.png]
[demo.etssoft.net/digital/en/4-laptops.html]
[demo.etssoft.net/digital/24-home_default/faded-short-sleeves-tshirt.jpg]
[demo.etssoft.net/digital/en/pc-computers/1-faded-short-sleeves-tshirt.html]
[demo.etssoft.net/digital/25-home_default/blouse.jpg]
[demo.etssoft.net/digital/en/cameras-lenses/2-blouse.html]
[demo.etssoft.net/digital/29-home_default/printed-summer-dress.jpg]
[demo.etssoft.net/digital/en/accessories/5-printed-summer-dress.html]
[demo.etssoft.net/digital/30-home_default/printed-summer-dress.jpg]
[demo.etssoft.net/digital/en/accessories/6-printed-summer-dress.html]
[demo.etssoft.net/digital/en/5-pc-computer.html]
[demo.etssoft.net/digital/modules/ybc_megamenu/images/menu/i-computer.png]
[demo.etssoft.net/digital/27-home_default/printed-dress.jpg]
[demo.etssoft.net/digital/modules/ybc_megamenu/images/column/ipad.jpg]
[demo.etssoft.net/digital/en/smart-watches/4-printed-dress.html]
[demo.etssoft.net/digital/modules/ybc_megamenu/images/menu/i-mobile.png]
[demo.etssoft.net/digital/en/6-phones.html]
[demo.etssoft.net/digital/en/7-cameras-lenses.html]
[demo.etssoft.net/digital/modules/ybc_megamenu/images/menu/i-electronic.png]
[demo.etssoft.net/digital/en/8-electronics.html]
[demo.etssoft.net/digital/modules/ybc_megamenu/images/menu/i-apple.png]
[demo.etssoft.net/digital/en/9-apples.html]
[demo.etssoft.net/digital/en/10-smart-watch.html]
[demo.etssoft.net/digital/modules/ybc_megamenu/images/menu/i-watch.png]
[demo.etssoft.net/digital/en/11-accessories.html]
[demo.etssoft.net/digital/en/contact-us.html]
[demo.etssoft.net/digital/en/blog/post/1-sample-post1.html]
[demo.etssoft.net/digital/en/blog/category/1-digital.html]
[demo.etssoft.net/digital/en/blog/author/1-sang-doan.html]
[demo.etssoft.net/digital/modules/ybc_nivoslider/images/54760ce9062b460dcebbff8915287f5aa10085fe_slider1.jpg]
[demo.etssoft.net/digital/en/order.html]
[demo.etssoft.net/digital/modules/ybc_nivoslider/images/6608e5332f78f1ed945298e44ee9ffa4d15cdcc1_slider-12.jpg]
[demo.etssoft.net/digital/modules/ybc_nivoslider/img/loading.gif]
[demo.etssoft.net/digital/modules/ybc_widget/images/widget/top1.jpg]
[demo.etssoft.net/digital/modules/ybc_widget/images/widget/top2.jpg]
[demo.etssoft.net/digital/modules/ybc_widget/images/widget/top3.jpg]
[demo.etssoft.net/digital/modules/ybc_widget/images/widget/buddy-cameras-2.jpg]
[demo.etssoft.net/digital/33-home_default/faded-short-sleeves-tshirt.jpg]
[demo.etssoft.net/digital/45-home_default/blouse.jpg]
[demo.etssoft.net/digital/en/order7a0f.html]
[demo.etssoft.net/digital/en/ordera9c3.html]
[demo.etssoft.net/digital/26-home_default/printed-dress.jpg]
[demo.etssoft.net/digital/38-home_default/printed-dress.jpg]
[demo.etssoft.net/digital/en/apples/3-printed-dress.html]
[demo.etssoft.net/digital/44-home_default/printed-dress.jpg]
[demo.etssoft.net/digital/en/order8aa3.html]
[demo.etssoft.net/digital/31-home_default/printed-summer-dress.jpg]
[demo.etssoft.net/digital/en/orderc2ff.html]
[demo.etssoft.net/digital/42-home_default/printed-summer-dress.jpg]
[demo.etssoft.net/digital/en/order62d3.html]
[demo.etssoft.net/digital/en/ordere327.html]
[demo.etssoft.net/digital/28-home_default/printed-chiffon-dress.jpg]
[demo.etssoft.net/digital/48-home_default/printed-chiffon-dress.jpg]
[demo.etssoft.net/digital/en/accessories/7-printed-chiffon-dress.html]
[demo.etssoft.net/digital/modules/ybc_widget/images/widget/home1.jpg]
[demo.etssoft.net/digital/modules/ybc_widget/images/widget/home2.jpg]
[demo.etssoft.net/digital/en/order0f19.html]
[demo.etssoft.net/digital/modules/ybc_blog/images/post/thumb/blog1.jpg]
[demo.etssoft.net/digital/en/blog/post/4-sample-post4.html]
[demo.etssoft.net/digital/modules/ybc_blog/images/post/thumb/blog2.jpg]
[demo.etssoft.net/digital/en/blog/post/3-sample-post3.html]
[demo.etssoft.net/digital/modules/ybc_blog/images/post/thumb/blog3.jpg]
[demo.etssoft.net/digital/modules/ybc_blog/images/post/thumb/smartwatch.jpg]
[demo.etssoft.net/digital/en/blog/post/2-sample-post2.html]
[demo.etssoft.net/digital/img/m/1.jpg]
[demo.etssoft.net/digital/en/1_fashion-manufacturer.html]
[demo.etssoft.net/digital/img/m/2.jpg]
[demo.etssoft.net/digital/en/2_mn2.html]
[demo.etssoft.net/digital/img/m/3.jpg]
[demo.etssoft.net/digital/en/3_mn3.html]
[demo.etssoft.net/digital/img/m/4.jpg]
[demo.etssoft.net/digital/en/4_mn4.html]
[demo.etssoft.net/digital/img/m/5.jpg]
[demo.etssoft.net/digital/en/5_mn5.html]
[demo.etssoft.net/digital/en/prices-drop.html]
[demo.etssoft.net/digital/en/new-products.html]
[demo.etssoft.net/digital/en/best-sales.html]
[demo.etssoft.net/digital/en/stores.html]
[demo.etssoft.net/digital/en/login856b.html]
[demo.etssoft.net/digital/en/login2f9b.html]
[demo.etssoft.net/digital/en/login9f3d.html]
[demo.etssoft.net/digital/en/login2432.html]
[demo.etssoft.net/digital/en/module/ybc_blog/like.html]
[demo.etssoft.net/digital/modules/ybc_newsletter/images/config/nlt_2.jpg]
[demo.etssoft.net/digital/modules/ybc_newsletter/images/icon/loading.gif]
[demo.etssoft.net/digital/modules/ybc_themeconfig/img/loading.gif]
[demo.etssoft.net/digital/modules/ybc_themeconfig/images/config/127257c13f7faf4bab0492872ca73833493af11c.png]
[demo.etssoft.net/digital/modules/ybc_themeconfig/images/config/f91e5249813645a83d47608115330f610c759d92.png]
[demo.etssoft.net/digital/modules/ybc_themeconfig/images/config/ssl.png]
[demo.etssoft.net/digital/en/index.html]
[demo.etssoft.net/digital/themes/digitalstore/css/owl/owl.carousel.css]
[demo.etssoft.net/digital/themes/digitalstore/img/bg_bt_2.gif]
[demo.etssoft.net/digital/themes/digitalstore/img/add-to-cart.png]
[demo.etssoft.net/digital/modules/productcomments/img/delete.gif]
[demo.etssoft.net/digital/themes/digitalstore/img/world-map.png]
[demo.etssoft.net/digital/themes/digitalstore/img/bg_table_th.png]
[demo.etssoft.net/digital/img/loader.gif]
[demo.etssoft.net/digital/themes/digitalstore/img/bankwire.png]
[demo.etssoft.net/digital/themes/digitalstore/img/cheque.png]
[demo.etssoft.net/digital/themes/digitalstore/img/cash.png]
[demo.etssoft.net/digital/themes/digitalstore/img/bg_input.png]
[demo.etssoft.net/digital/themes/digitalstore/img/icon/delete.gif]
[demo.etssoft.net/digital/themes/digitalstore/img/icon/form-error.png]
[demo.etssoft.net/digital/themes/digitalstore/img/icon/form-ok.png]
[demo.etssoft.net/digital/themes/digitalstore/img/clock.png]
[demo.etssoft.net/digital/themes/digitalstore/img/phone-call.png]
[demo.etssoft.net/digital/themes/digitalstore/img/RED.png]
[demo.etssoft.net/digital/themes/digitalstore/img/GREEN_2.png]
[demo.etssoft.net/digital/themes/digitalstore/img/CYAN.png]
[demo.etssoft.net/digital/themes/digitalstore/img/BLUE_3.png]
[demo.etssoft.net/digital/themes/digitalstore/img/CUSTOM.png]
[demo.etssoft.net/digital/themes/digitalstore/css/global.css]
[demo.etssoft.net/digital/themes/digitalstore/css/autoload/highdpi.css]
[demo.etssoft.net/digital/themes/digitalstore/css/autoload/responsive-tables.css]
[demo.etssoft.net/digital/themes/digitalstore/img/jquery/uniform/sprite.png]
[demo.etssoft.net/digital/themes/digitalstore/css/autoload/uniform.default.css]
[demo.etssoft.net/digital/js/jquery/plugins/fancybox/fancybox_sprite.png]
[demo.etssoft.net/digital/js/jquery/plugins/fancybox/fancybox_loading.gif]
[demo.etssoft.net/digital/js/jquery/plugins/fancybox/blank.gif]
[demo.etssoft.net/digital/js/jquery/plugins/fancybox/fancybox_overlay.png]
[demo.etssoft.net/digital/js/jquery/plugins/fancybox/fancybox_sprite@2x.png]
[demo.etssoft.net/digital/js/jquery/plugins/fancybox/fancybox_loading@2x.gif]
[demo.etssoft.net/digital/js/jquery/plugins/fancybox/jquery.fancybox.css]
[demo.etssoft.net/digital/themes/digitalstore/img/price-container-bg.png]
[demo.etssoft.net/digital/themes/digitalstore/css/product_list.css]
[demo.etssoft.net/digital/themes/digitalstore/css/modules/blockbestsellers/blockbestsellers.css]
[demo.etssoft.net/digital/themes/digitalstore/img/icon-cart.png]
[demo.etssoft.net/digital/themes/digitalstore/css/modules/blockcart/blockcart.css]
[demo.etssoft.net/digital/js/jquery/plugins/bxslider/images/bx_loader.gif]
[demo.etssoft.net/digital/js/jquery/plugins/bxslider/images/controls.png]
[demo.etssoft.net/digital/js/jquery/plugins/bxslider/jquery.bxslider.css]
[demo.etssoft.net/digital/themes/digitalstore/css/modules/blockcategories/blockcategories.css]
[demo.etssoft.net/digital/themes/digitalstore/css/modules/blockcurrencies/blockcurrencies.css]
[demo.etssoft.net/digital/themes/digitalstore/css/modules/blocklanguages/blocklanguages.css]
[demo.etssoft.net/digital/themes/digitalstore/css/modules/blockcontact/blockcontact.css]
[demo.etssoft.net/digital/themes/digitalstore/css/modules/blockmyaccountfooter/blockmyaccount.css]
[demo.etssoft.net/digital/themes/digitalstore/css/modules/blocknewproducts/blocknewproducts.css]
[demo.etssoft.net/digital/themes/digitalstore/css/modules/blocknewsletter/blocknewsletter.css]
[demo.etssoft.net/digital/themes/digitalstore/css/modules/blockspecials/blockspecials.css]
[demo.etssoft.net/digital/themes/digitalstore/css/modules/blocktags/blocktags.css]
[demo.etssoft.net/digital/themes/digitalstore/css/modules/blockuserinfo/blockuserinfo.css]
[demo.etssoft.net/digital/themes/digitalstore/css/modules/blockviewed/blockviewed.css]
[demo.etssoft.net/digital/themes/digitalstore/css/modules/homefeatured/homefeatured.css]
[demo.etssoft.net/digital/modules/ybc_blog/images/prettyPhoto/default/sprite.png]
[demo.etssoft.net/digital/modules/ybc_blog/images/prettyPhoto/default/sprite_x.png]
[demo.etssoft.net/digital/modules/ybc_blog/images/prettyPhoto/default/sprite_y.png]
[demo.etssoft.net/digital/modules/ybc_blog/images/prettyPhoto/default/sprite_next.png]
[demo.etssoft.net/digital/modules/ybc_blog/images/prettyPhoto/default/sprite_prev.png]
[demo.etssoft.net/digital/modules/ybc_blog/images/prettyPhoto/default/default_thumb.png]
[demo.etssoft.net/digital/modules/ybc_blog/images/prettyPhoto/default/loader.gif]
[demo.etssoft.net/digital/modules/ybc_blog/images/prettyPhoto/light_rounded/sprite.png]
[demo.etssoft.net/digital/modules/ybc_blog/images/prettyPhoto/light_rounded/btnNext.png]
[demo.etssoft.net/digital/modules/ybc_blog/images/prettyPhoto/light_rounded/btnPrevious.png]
[demo.etssoft.net/digital/modules/ybc_blog/images/prettyPhoto/dark_rounded/sprite.png]
[demo.etssoft.net/digital/modules/ybc_blog/images/prettyPhoto/dark_rounded/contentPattern.png]
[demo.etssoft.net/digital/modules/ybc_blog/images/prettyPhoto/dark_rounded/btnNext.png]
[demo.etssoft.net/digital/modules/ybc_blog/images/prettyPhoto/dark_rounded/btnPrevious.png]
[demo.etssoft.net/digital/modules/ybc_blog/images/prettyPhoto/dark_rounded/loader.gif]
[demo.etssoft.net/digital/modules/ybc_blog/images/prettyPhoto/dark_square/loader.gif]
[demo.etssoft.net/digital/modules/ybc_blog/images/prettyPhoto/dark_square/sprite.png]
[demo.etssoft.net/digital/modules/ybc_blog/images/prettyPhoto/dark_square/btnNext.png]
[demo.etssoft.net/digital/modules/ybc_blog/images/prettyPhoto/dark_square/btnPrevious.png]
[demo.etssoft.net/digital/modules/ybc_blog/images/prettyPhoto/light_square/sprite.png]
[demo.etssoft.net/digital/modules/ybc_blog/images/prettyPhoto/light_square/btnNext.png]
[demo.etssoft.net/digital/modules/ybc_blog/images/prettyPhoto/light_square/btnPrevious.png]
[demo.etssoft.net/digital/modules/ybc_blog/images/prettyPhoto/facebook/sprite.png]
[demo.etssoft.net/digital/modules/ybc_blog/images/prettyPhoto/facebook/contentPatternTop.png]
[demo.etssoft.net/digital/modules/ybc_blog/images/prettyPhoto/facebook/contentPatternLeft.png]
[demo.etssoft.net/digital/modules/ybc_blog/images/prettyPhoto/facebook/contentPatternRight.png]
[demo.etssoft.net/digital/modules/ybc_blog/images/prettyPhoto/facebook/loader.gif]
[demo.etssoft.net/digital/modules/ybc_blog/images/prettyPhoto/facebook/btnNext.png]
[demo.etssoft.net/digital/modules/ybc_blog/images/prettyPhoto/facebook/btnPrevious.png]
[demo.etssoft.net/digital/modules/ybc_blog/images/prettyPhoto/facebook/contentPatternBottom.png]
[demo.etssoft.net/digital/modules/ybc_blog/images/prettyPhoto/facebook/default_thumbnail.gif]
[demo.etssoft.net/digital/modules/ybc_blog/images/prettyPhoto/light_rounded/loader.gif]
[demo.etssoft.net/digital/modules/ybc_blog/css/prettyPhoto.css]
[demo.etssoft.net/digital/themes/digitalstore/css/modules/ybc_blog/css/blog.css]
[demo.etssoft.net/digital/modules/ybc_blog/css/grabbing.png]
[demo.etssoft.net/digital/modules/ybc_blog/css/owl.carousel.css]
[demo.etssoft.net/digital/modules/ybc_blog/css/AjaxLoader.gif]
[demo.etssoft.net/digital/modules/ybc_blog/css/owl.theme.css]
[demo.etssoft.net/digital/themes/digitalstore/css/modules/ybc_blocksearch/blocksearch.css]
[demo.etssoft.net/digital/themes/digitalstore/css/modules/ybc_manufacturer/css/ybcmnf.css]
[demo.etssoft.net/digital/themes/digitalstore/css/modules/ybc_megamenu/css/ybc_megamenu.css]
[demo.etssoft.net/digital/modules/ybc_nivoslider/css/nivo/themes/default/loading.gif]
[demo.etssoft.net/digital/modules/ybc_nivoslider/css/nivo/themes/default/default.css]
[demo.etssoft.net/digital/themes/digitalstore/css/modules/ybc_nivoslider/css/nivo/nivo-slider.css]
[demo.etssoft.net/digital/modules/ybc_nivoslider/css/animate.css]
[demo.etssoft.net/digital/themes/digitalstore/css/modules/blockwishlist/blockwishlist.css]
[demo.etssoft.net/digital/themes/digitalstore/css/modules/productcomments/productcomments.css]
[demo.etssoft.net/digital/modules/ybc_productimagehover/css/productimagehover.css]
[demo.etssoft.net/digital/themes/digitalstore/css/modules/ybc_widget/css/widget.css]
[demo.etssoft.net/digital/modules/ybc_newsletter/css/opacity-50.png]
[demo.etssoft.net/digital/modules/ybc_newsletter/css/newsletter.css]
[demo.etssoft.net/digital/modules/ybc_themeconfig/css/font-awesome.css]
[demo.etssoft.net/digital/modules/ybc_themeconfig/css/owl/owl.carousel.css]
[demo.etssoft.net/digital/modules/ybc_themeconfig/css/owl/AjaxLoader.gif]
[demo.etssoft.net/digital/modules/ybc_themeconfig/css/owl/owl.theme.css]
[demo.etssoft.net/digital/modules/ybc_themeconfig/css/elegant-font.css]
[demo.etssoft.net/digital/modules/ybc_themeconfig/css/owl/owl.transitions.css]
[demo.etssoft.net/digital/themes/digitalstore/css/modules/ybc_themeconfig/css/themeconfig.css]
[demo.etssoft.net/digital/themes/digitalstore/css/authentication.css]
[demo.etssoft.net/digital/js/jquery/plugins/jquery.typewatch.js]
[demo.etssoft.net/digital/themes/digitalstore/js/tools/vatManagement.js]
[demo.etssoft.net/digital/themes/digitalstore/js/tools/statesManagement.js]
[demo.etssoft.net/digital/themes/digitalstore/js/authentication.js]
[demo.etssoft.net/digital/js/validate.js]
[demo.etssoft.net/digital/en/login9f97.html]
[demo.etssoft.net/digital/en/password-recovery.html]
[demo.etssoft.net/digital/en/5-pc-computers.html]
[demo.etssoft.net/digital/24-small_default/faded-short-sleeves-tshirt.jpg]
[demo.etssoft.net/digital/en/10-smart-watches.html]
[demo.etssoft.net/digital/en/content/category/1-home.html]
[demo.etssoft.net/digital/en/content/1-delivery.html]
[demo.etssoft.net/digital/en/content/2-legal-notice.html]
[demo.etssoft.net/digital/en/content/3-terms-and-conditions-of-use.html]
[demo.etssoft.net/digital/en/content/4-about-us.html]
[demo.etssoft.net/digital/en/search.html]
[demo.etssoft.net/digital/modules/ybc_themeconfig/images/config/bg_nlt.gif]
[demo.etssoft.net/digital/themes/digitalstore/css/layout_1.css]
[demo.etssoft.net/digital/en/content/5-secure-payment.html]
[demo.etssoft.net/digital/modules/ybc_blog/css/nivo-slider.css]
[demo.etssoft.net/digital/modules/ybc_blog/css/themes/bar/bar.css]
[demo.etssoft.net/digital/modules/ybc_blog/js/jquery.nivo.slider.js]
[demo.etssoft.net/digital/modules/ybc_blog/images/post/thumb/camera.jpg]
[demo.etssoft.net/digital/en/blog/post/5-sample-post5.html]
[demo.etssoft.net/digital/en/blog/tag/Lorem.html]
[demo.etssoft.net/digital/modules/ybc_blog/images/post/smartwatch-828786_960_720.jpg]
[demo.etssoft.net/digital/en/blog.html]
[demo.etssoft.net/digital/en/blog/tag/Consectetur.html]
[demo.etssoft.net/digital/themes/digitalstore/css/contact-form.css]
[demo.etssoft.net/digital/en/contact-usdb53.html]
[demo.etssoft.net/digital/en/contact-us2740.html]
[demo.etssoft.net/digital/en/contact-us34ed.html]
[demo.etssoft.net/digital/en/loginfd9a.html]
[demo.etssoft.net/digital/themes/digitalstore/js/contact-form.js]
[demo.etssoft.net/digital/themes/digitalstore/css/comparator.css]
[demo.etssoft.net/digital/themes/digitalstore/css/modules/socialsharing/css/socialsharing.css]
[demo.etssoft.net/digital/js/jquery/plugins/cluetip/jquery.cluetip.css]
[demo.etssoft.net/digital/modules/socialsharing/js/socialsharing.js]
[demo.etssoft.net/digital/modules/productcomments/js/jquery.rating.pack.js]
[demo.etssoft.net/digital/js/jquery/plugins/cluetip/jquery.cluetip.js]
[demo.etssoft.net/digital/en/products-comparison.html]
[demo.etssoft.net/digital/themes/digitalstore/js/modules/productcomments/js/products-comparison.js]
[demo.etssoft.net/digital/themes/digitalstore/css/category.css]
[demo.etssoft.net/digital/themes/digitalstore/css/scenes.css]
[demo.etssoft.net/digital/js/jquery/ui/themes/base/jquery.ui.core.css]
[demo.etssoft.net/digital/js/jquery/ui/themes/base/jquery.ui.slider.css]
[demo.etssoft.net/digital/js/jquery/ui/themes/base/jquery.ui.theme.css]
[demo.etssoft.net/digital/themes/digitalstore/css/modules/blocklayered/blocklayered.css]
[demo.etssoft.net/digital/themes/digitalstore/js/category.js]
[demo.etssoft.net/digital/themes/digitalstore/js/modules/blocklayered/blocklayered.js]
[demo.etssoft.net/digital/js/jquery/ui/jquery.ui.core.min.js]
[demo.etssoft.net/digital/js/jquery/ui/jquery.ui.widget.min.js]
[demo.etssoft.net/digital/js/jquery/ui/jquery.ui.mouse.min.js]
[demo.etssoft.net/digital/en/3-television.html]
[demo.etssoft.net/digital/en/4-laptops.html]
[demo.etssoft.net/digital/js/jquery/ui/jquery.ui.slider.min.js]
[demo.etssoft.net/digital/themes/digitalstore/css/product.css]
[demo.etssoft.net/digital/themes/digitalstore/css/print.css]
[demo.etssoft.net/digital/modules/sendtoafriend/sendtoafriend.css]
[demo.etssoft.net/digital/themes/digitalstore/css/modules/productscategory/css/productscategory.css]
[demo.etssoft.net/digital/24/faded-short-sleeves-tshirt.jpg]
[demo.etssoft.net/digital/en/module/productcomments/default.html]
[demo.etssoft.net/digital/js/jquery/plugins/jquery.idTabs.js]
[demo.etssoft.net/digital/themes/digitalstore/js/modules/sendtoafriend/sendtoafriend.js]
[demo.etssoft.net/digital/themes/digitalstore/js/modules/productscategory/js/productscategory.js]
[demo.etssoft.net/digital/themes/digitalstore/js/product.js]
[demo.etssoft.net/digital/modules/productcomments/js/jquery.textareaCounter.plugin.js]
[demo.etssoft.net/digital/themes/digitalstore/js/modules/productcomments/js/productcomments.js]
[demo.etssoft.net/digital/24-large_default/faded-short-sleeves-tshirt.jpg]
[demo.etssoft.net/digital/24-thickbox_default/faded-short-sleeves-tshirt.jpg]
[demo.etssoft.net/digital/24-cart_default/faded-short-sleeves-tshirt.jpg]
[demo.etssoft.net/digital/33-thickbox_default/faded-short-sleeves-tshirt.jpg]
[demo.etssoft.net/digital/33-cart_default/faded-short-sleeves-tshirt.jpg]
[demo.etssoft.net/digital/34-thickbox_default/faded-short-sleeves-tshirt.jpg]
[demo.etssoft.net/digital/34-cart_default/faded-short-sleeves-tshirt.jpg]
[demo.etssoft.net/digital/24-medium_default/faded-short-sleeves-tshirt.jpg]
[demo.etssoft.net/digital/en/pc-computers/1-faded-short-sleeves-tshirt.html]
[demo.etssoft.net/digital/25/blouse.jpg]
[demo.etssoft.net/digital/25-large_default/blouse.jpg]
[demo.etssoft.net/digital/25-thickbox_default/blouse.jpg]
[demo.etssoft.net/digital/25-cart_default/blouse.jpg]
[demo.etssoft.net/digital/45-thickbox_default/blouse.jpg]
[demo.etssoft.net/digital/45-cart_default/blouse.jpg]
[demo.etssoft.net/digital/36-thickbox_default/blouse.jpg]
[demo.etssoft.net/digital/36-cart_default/blouse.jpg]
[demo.etssoft.net/digital/35-thickbox_default/blouse.jpg]
[demo.etssoft.net/digital/35-cart_default/blouse.jpg]
[demo.etssoft.net/digital/37-thickbox_default/blouse.jpg]
[demo.etssoft.net/digital/37-cart_default/blouse.jpg]
[demo.etssoft.net/digital/25-medium_default/blouse.jpg]
[demo.etssoft.net/digital/en/cameras-lenses/2-blouse.html]
[demo.etssoft.net/digital/29/printed-summer-dress.jpg]
[demo.etssoft.net/digital/29-large_default/printed-summer-dress.jpg]
[demo.etssoft.net/digital/29-thickbox_default/printed-summer-dress.jpg]
[demo.etssoft.net/digital/29-cart_default/printed-summer-dress.jpg]
[demo.etssoft.net/digital/31-thickbox_default/printed-summer-dress.jpg]
[demo.etssoft.net/digital/31-cart_default/printed-summer-dress.jpg]
[demo.etssoft.net/digital/32-thickbox_default/printed-summer-dress.jpg]
[demo.etssoft.net/digital/32-cart_default/printed-summer-dress.jpg]
[demo.etssoft.net/digital/29-medium_default/printed-summer-dress.jpg]
[demo.etssoft.net/digital/en/accessories/5-printed-summer-dress.html]
[demo.etssoft.net/digital/30/printed-summer-dress.jpg]
[demo.etssoft.net/digital/30-large_default/printed-summer-dress.jpg]
[demo.etssoft.net/digital/30-thickbox_default/printed-summer-dress.jpg]
[demo.etssoft.net/digital/30-cart_default/printed-summer-dress.jpg]
[demo.etssoft.net/digital/42-thickbox_default/printed-summer-dress.jpg]
[demo.etssoft.net/digital/42-cart_default/printed-summer-dress.jpg]
[demo.etssoft.net/digital/43-thickbox_default/printed-summer-dress.jpg]
[demo.etssoft.net/digital/43-cart_default/printed-summer-dress.jpg]
[demo.etssoft.net/digital/30-medium_default/printed-summer-dress.jpg]
[demo.etssoft.net/digital/en/accessories/6-printed-summer-dress.html]
[demo.etssoft.net/digital/en/5-pc-computer.html]
[demo.etssoft.net/digital/27/printed-dress.jpg]
[demo.etssoft.net/digital/27-large_default/printed-dress.jpg]
[demo.etssoft.net/digital/27-thickbox_default/printed-dress.jpg]
[demo.etssoft.net/digital/27-cart_default/printed-dress.jpg]
[demo.etssoft.net/digital/44-thickbox_default/printed-dress.jpg]
[demo.etssoft.net/digital/44-cart_default/printed-dress.jpg]
[demo.etssoft.net/digital/40-thickbox_default/printed-dress.jpg]
[demo.etssoft.net/digital/40-cart_default/printed-dress.jpg]
[demo.etssoft.net/digital/41-thickbox_default/printed-dress.jpg]
[demo.etssoft.net/digital/41-cart_default/printed-dress.jpg]
[demo.etssoft.net/digital/27-medium_default/printed-dress.jpg]
[demo.etssoft.net/digital/en/smart-watches/4-printed-dress.html]
[demo.etssoft.net/digital/28-small_default/printed-chiffon-dress.jpg]
[demo.etssoft.net/digital/27-small_default/printed-dress.jpg]
[demo.etssoft.net/digital/30-small_default/printed-summer-dress.jpg]
[demo.etssoft.net/digital/en/6-phones.html]
[demo.etssoft.net/digital/26-small_default/printed-dress.jpg]
[demo.etssoft.net/digital/en/7-cameras-lenses.html]
[demo.etssoft.net/digital/29-small_default/printed-summer-dress.jpg]
[demo.etssoft.net/digital/en/8-electronics.html]
[demo.etssoft.net/digital/en/9-apples.html]
[demo.etssoft.net/digital/en/10-smart-watch.html]
[demo.etssoft.net/digital/en/11-accessories.html]
[demo.etssoft.net/digital/en/contact-us.html]
[demo.etssoft.net/digital/en/module/ybc_blog/report.html]
[connect.facebook.net/en_GB/sdk.js]
[apis.google.com/js/platform.js]
[demo.etssoft.net/digital/en/blog/post/1-sample-post1.html]
[demo.etssoft.net/digital/en/blog/category/1-digital.html]
[demo.etssoft.net/digital/en/blog/author/1-sang-doan.html]
[demo.etssoft.net/digital/en/blog/author/1-doan-sang.html]
[demo.etssoft.net/digital/themes/digitalstore/css/addresses.css]
[demo.etssoft.net/digital/en/order.html]
[demo.etssoft.net/digital/themes/digitalstore/js/cart-summary.js]
[demo.etssoft.net/digital/en/order7a0f.html]
[demo.etssoft.net/digital/en/login7572.html]
[demo.etssoft.net/digital/25-small_default/blouse.jpg]
[demo.etssoft.net/digital/en/ordera9c3.html]
[demo.etssoft.net/digital/26/printed-dress.jpg]
[demo.etssoft.net/digital/26-large_default/printed-dress.jpg]
[demo.etssoft.net/digital/26-thickbox_default/printed-dress.jpg]
[demo.etssoft.net/digital/26-cart_default/printed-dress.jpg]
[demo.etssoft.net/digital/38-thickbox_default/printed-dress.jpg]
[demo.etssoft.net/digital/38-cart_default/printed-dress.jpg]
[demo.etssoft.net/digital/39-thickbox_default/printed-dress.jpg]
[demo.etssoft.net/digital/39-cart_default/printed-dress.jpg]
[demo.etssoft.net/digital/26-medium_default/printed-dress.jpg]
[demo.etssoft.net/digital/en/apples/3-printed-dress.html]
[demo.etssoft.net/digital/en/order8aa3.html]
[demo.etssoft.net/digital/en/orderc2ff.html]
[demo.etssoft.net/digital/en/order62d3.html]
[demo.etssoft.net/digital/en/ordere327.html]
[demo.etssoft.net/digital/28/printed-chiffon-dress.jpg]
[demo.etssoft.net/digital/28-large_default/printed-chiffon-dress.jpg]
[demo.etssoft.net/digital/28-thickbox_default/printed-chiffon-dress.jpg]
[demo.etssoft.net/digital/28-cart_default/printed-chiffon-dress.jpg]
[demo.etssoft.net/digital/48-thickbox_default/printed-chiffon-dress.jpg]
[demo.etssoft.net/digital/48-cart_default/printed-chiffon-dress.jpg]
[demo.etssoft.net/digital/46-thickbox_default/printed-chiffon-dress.jpg]
[demo.etssoft.net/digital/46-cart_default/printed-chiffon-dress.jpg]
[demo.etssoft.net/digital/47-thickbox_default/printed-chiffon-dress.jpg]
[demo.etssoft.net/digital/47-cart_default/printed-chiffon-dress.jpg]
[demo.etssoft.net/digital/28-medium_default/printed-chiffon-dress.jpg]
[demo.etssoft.net/digital/en/accessories/7-printed-chiffon-dress.html]
[demo.etssoft.net/digital/en/order0f19.html]
[demo.etssoft.net/digital/modules/ybc_blog/images/post/yashica.jpg]
[demo.etssoft.net/digital/en/blog/post/4-sample-post4.html]
[demo.etssoft.net/digital/modules/ybc_blog/images/post/ipad-605439_960_720.jpg]
[demo.etssoft.net/digital/en/blog/post/3-sample-post3.html]
[demo.etssoft.net/digital/modules/ybc_blog/images/post/ipad.jpg]
[demo.etssoft.net/digital/en/blog/post/2-sample-post2.html]
[demo.etssoft.net/digital/en/1_fashion-manufacturer.html]
[demo.etssoft.net/digital/en/2_mn2.html]
[demo.etssoft.net/digital/en/3_mn3.html]
[demo.etssoft.net/digital/en/4_mn4.html]
[demo.etssoft.net/digital/en/5_mn5.html]
[demo.etssoft.net/digital/en/prices-drop.html]
[demo.etssoft.net/digital/en/new-products.html]
[demo.etssoft.net/digital/en/best-sales.html]
[demo.etssoft.net/digital/themes/digitalstore/css/stores.css]
[demo.etssoft.net/digital/themes/digitalstore/js/stores.js]
[demo.etssoft.net/digital/en/stores.html]
[demo.etssoft.net/digital/en/login856b.html]
[demo.etssoft.net/digital/en/login2f9b.html]
[demo.etssoft.net/digital/en/login9f3d.html]
[demo.etssoft.net/digital/en/login2432.html]
[demo.etssoft.net/digital/en/module/ybc_blog/like.html]
[demo.etssoft.net/digital/themes/digitalstore/css/owl/owl.video.play.gif]
[demo.etssoft.net/digital/themes/digitalstore/css/images/example2x.gif]
[demo.etssoft.net/digital/themes/img/jquery/uniform/bg-input.gif]
[demo.etssoft.net/digital/themes/digitalstore/css/authentication.css]
[demo.etssoft.net/digital/en/password-recovery.html]
[demo.etssoft.net/digital/en/login.html]
[demo.etssoft.net/digital/en/5-pc-computers.html]
[demo.etssoft.net/digital/en/10-smart-watches.html]
[demo.etssoft.net/digital/themes/digitalstore/css/cms.css]
[demo.etssoft.net/digital/en/content/category/1-home.html]
[demo.etssoft.net/digital/themes/digitalstore/js/cms.js]
[demo.etssoft.net/digital/en/content/1-delivery.html]
[demo.etssoft.net/digital/en/content/2-legal-notice.html]
[demo.etssoft.net/digital/en/content/3-terms-and-conditions-of-use.html]
[demo.etssoft.net/digital/en/content/4-about-us.html]
[demo.etssoft.net/digital/en/content/5-secure-payment.html]
[demo.etssoft.net/digital/modules/ybc_blog/css/nivo-slider.css]
[demo.etssoft.net/digital/modules/ybc_blog/css/themes/bar/loading.gif]
[demo.etssoft.net/digital/modules/ybc_blog/css/themes/bar/bullets.png]
[demo.etssoft.net/digital/modules/ybc_blog/css/themes/bar/prev-white.png]
[demo.etssoft.net/digital/modules/ybc_blog/css/themes/bar/next-white.png]
[demo.etssoft.net/digital/modules/ybc_blog/css/themes/bar/next.png]
[demo.etssoft.net/digital/modules/ybc_blog/css/themes/bar/prev.png]
[demo.etssoft.net/digital/modules/ybc_blog/css/themes/bar/nextfordefault.png]
[demo.etssoft.net/digital/modules/ybc_blog/css/themes/bar/prevfordefault.png]
[demo.etssoft.net/digital/modules/ybc_blog/css/themes/bar/bar.css]
[demo.etssoft.net/digital/modules/ybc_blog/images/post/camera-1421999_960_720.jpg]
[demo.etssoft.net/digital/en/blog/post/5-sample-post5.html]
[demo.etssoft.net/digital/en/blog/tag/Lorem.html]
[demo.etssoft.net/digital/en/blog/tag/Consectetur.html]
[demo.etssoft.net/digital/themes/digitalstore/css/contact-form.css]
[demo.etssoft.net/digital/themes/digitalstore/css/comparator.css]
[demo.etssoft.net/digital/themes/digitalstore/css/modules/socialsharing/css/socialsharing.css]
[demo.etssoft.net/digital/js/jquery/plugins/cluetip/jquery.cluetip.css]
[demo.etssoft.net/digital/themes/digitalstore/css/category.css]
[demo.etssoft.net/digital/themes/digitalstore/css/scenes.css]
[demo.etssoft.net/digital/js/jquery/ui/themes/base/jquery.ui.core.css]
[demo.etssoft.net/digital/js/jquery/ui/themes/base/jquery.ui.slider.css]
[demo.etssoft.net/digital/js/jquery/ui/themes/base/images/ui-bg_flat_75_ffffff_40x100.png]
[demo.etssoft.net/digital/js/jquery/ui/themes/base/images/ui-bg_highlight-soft_75_cccccc_1x100.png]
[demo.etssoft.net/digital/js/jquery/ui/themes/base/images/ui-bg_glass_75_e6e6e6_1x400.png]
[demo.etssoft.net/digital/js/jquery/ui/themes/base/images/ui-bg_glass_75_dadada_1x400.png]
[demo.etssoft.net/digital/js/jquery/ui/themes/base/images/ui-bg_glass_65_ffffff_1x400.png]
[demo.etssoft.net/digital/js/jquery/ui/themes/base/images/ui-bg_glass_55_fbf9ee_1x400.png]
[demo.etssoft.net/digital/js/jquery/ui/themes/base/images/ui-bg_glass_95_fef1ec_1x400.png]
[demo.etssoft.net/digital/js/jquery/ui/themes/base/images/ui-icons_222222_256x240.png]
[demo.etssoft.net/digital/js/jquery/ui/themes/base/images/ui-icons_888888_256x240.png]
[demo.etssoft.net/digital/js/jquery/ui/themes/base/images/ui-icons_454545_256x240.png]
[demo.etssoft.net/digital/js/jquery/ui/themes/base/images/ui-icons_2e83ff_256x240.png]
[demo.etssoft.net/digital/js/jquery/ui/themes/base/images/ui-icons_cd0a0a_256x240.png]
[demo.etssoft.net/digital/js/jquery/ui/themes/base/images/ui-bg_flat_0_aaaaaa_40x100.png]
[demo.etssoft.net/digital/js/jquery/ui/themes/base/jquery.ui.theme.css]
[demo.etssoft.net/digital/themes/digitalstore/css/modules/blocklayered/blocklayered.css]
[demo.etssoft.net/digital/themes/digitalstore/css/product.css]
[demo.etssoft.net/digital/themes/digitalstore/css/print.css]
[demo.etssoft.net/digital/modules/sendtoafriend/sendtoafriend.css]
[demo.etssoft.net/digital/themes/digitalstore/css/modules/productscategory/css/productscategory.css]
[demo.etssoft.net/digital/en/module/productcomments/default.html]
[demo.etssoft.net/digital/en/module/ybc_blog/report.html]
[demo.etssoft.net/digital/en/blog/author/1-doan-sang.html]
[connect.facebook.net/en_GB/sdk.js]
[demo.etssoft.net/digital/themes/digitalstore/css/addresses.css]
[demo.etssoft.net/digital/en/blog/post/ABCDEFGHIJKLMNOPQRSTUVWXYZabcdefghijklmnopqrstuvwxyz0123456789+/index.html]
[demo.etssoft.net/digital/en/blog/post/dialog/index.html]
[demo.etssoft.net/digital/en/login7572.html]
[demo.etssoft.net/digital/themes/digitalstore/css/stores.css]
[demo.etssoft.net/digital/en/logo_stores.gif]
[demo.etssoft.net/digital/en/login.html]
[demo.etssoft.net/digital/themes/digitalstore/img/bl-before-bg.png]
[demo.etssoft.net/digital/themes/digitalstore/img/bl-after-bg.png]
[demo.etssoft.net/digital/themes/digitalstore/img/testimon-after.gif]
[demo.etssoft.net/digital/themes/digitalstore/css/cms.css]
[demo.etssoft.net/digital/en/img/cms/cms-img.gif]
[demo.etssoft.net/digital/themes/digitalstore/css/modules/blocklayered/img/icon/less.gif]
[demo.etssoft.net/digital/themes/digitalstore/css/modules/blocklayered/img/icon/more.gif]
[demo.etssoft.net/digital/en/blog/post/ABCDEFGHIJKLMNOPQRSTUVWXYZabcdefghijklmnopqrstuvwxyz0123456789+/index.html]
[demo.etssoft.net/digital/en/blog/post/dialog/index.html]
[demo.etssoft.net/digital/en/blog/post/%s/profile4d6d.html]
